data:
x: [pi/6, pi/3, pi/2, 2*pi/3, 5*pi/6, pi, 7*pi/6, 4*pi/3, 3*pi/2, 5*pi/3, 11*pi/6, 2*pi]

y: [144.64, 95.86, 176.58, 200.68, 301.86, 255.88, 216.22, 142.98, 164.08, 77.08, 86.04, 46.84]

F(x): 25.142270480239*sin(x + 10000) - 9.52050593893691*sin(2*x + 20000) + 21.9566666666666*sin(3*x + 30000) + 1.71473029949319*sin(4*x + 40000) + 3.06439618642769*sin(5*x + 50000) - 90.5492835079413*cos(x + 10000) + 13.0233333333333*cos(2*x + 20000) - 6.38666666666665*cos(3*x + 30000) + 1.78333333333334*cos(4*x + 40000) - 7.58404982539205*cos(5*x + 50000) + 159.061666666667