data:
x: [pi/30, pi/15, pi/10, 2*pi/15, pi/6, pi/5, 7*pi/30, 4*pi/15, 3*pi/10, pi/3, 11*pi/30, 2*pi/5, 13*pi/30, 7*pi/15, pi/2, 8*pi/15, 17*pi/30, 3*pi/5, 19*pi/30, 2*pi/3, 7*pi/10, 11*pi/15, 23*pi/30, 4*pi/5, 5*pi/6, 13*pi/15, 9*pi/10, 14*pi/15, 29*pi/30, pi, 31*pi/30, 16*pi/15, 11*pi/10, 17*pi/15, 7*pi/6, 6*pi/5, 37*pi/30, 19*pi/15, 13*pi/10, 4*pi/3, 41*pi/30, 7*pi/5, 43*pi/30, 22*pi/15, 3*pi/2, 23*pi/15, 47*pi/30, 8*pi/5, 49*pi/30, 5*pi/3, 17*pi/10, 26*pi/15, 53*pi/30, 9*pi/5, 11*pi/6, 28*pi/15, 19*pi/10, 29*pi/15, 59*pi/30, 2*pi]

y: [29.5, 85.3, 191.9, 365.4, 248.5, 310.5, 201.1, 136.2, 161.6, 15.9, 74.3, 88.0, 95.2, 28.6, 264.1, 103.5, 199.2, 195.9, 220.3, 149.7, 190.8, 202.3, 30.3, 97.4, 252.4, 102.8, 98.7, 69.3, 351.6, 209.2, 254.8, 162.8, 258.8, 16.0, 25.2, 22.7, 26.7, 97.3, 206.3, 186.8, 550.5, 237.5, 186.5, 136.7, 168.7, 69.2, 132.8, 15.2, 319.4, 165.3, 121.9, 278.4, 159.5, 326.3, 218.4, 129.5, 40.5, 82.0, 167.6, 10.9]

F(x): -12.2937260689093*sin(x + 10000) - 3.88853423903729*sin(2*x + 20000) + 24.1318442073981*sin(3*x + 30000) + 5.60346023048724*sin(4*x + 40000) + 25.1422704802389*sin(5*x + 50000) + 22.1409293456377*sin(6*x + 60000) - 33.4831096372926*sin(7*x + 70000) + 5.85938153623272*sin(8*x + 80000) - 3.66160125545623*sin(9*x + 90000) - 9.52050593893681*sin(10*x + 100000) - 15.0375757778364*sin(11*x + 110000) - 9.25182725283503*sin(12*x + 120000) - 18.7466353111649*sin(13*x + 130000) - 28.8282878523375*sin(14*x + 140000) + 21.9566666666666*sin(15*x + 150000) - 20.6001060776186*sin(16*x + 160000) + 6.49893519078046*sin(17*x + 170000) - 12.492189690644*sin(18*x + 180000) - 5.7126573072634*sin(19*x + 190000) + 1.71473029949308*sin(20*x + 200000) + 24.2393965697707*sin(21*x + 210000) + 13.0728889410077*sin(22*x + 220000) - 23.3610997815105*sin(23*x + 230000) - 16.0222734978296*sin(24*x + 240000) + 3.0643961864277*sin(25*x + 250000) - 8.38883822837224*sin(26*x + 260000) + 1.47261777358291*sin(27*x + 270000) + 10.3309319760373*sin(28*x + 280000) - 6.57634964794273*sin(29*x + 290000) - 0.23735841043277*cos(x + 10000) - 5.75355870492911*cos(2*x + 20000) - 0.088047213365691*cos(3*x + 30000) - 12.1761965314161*cos(4*x + 40000) - 90.5492835079412*cos(5*x + 50000) + 10.9979155849774*cos(6*x + 60000) - 16.2228508460374*cos(7*x + 70000) - 16.4274076130724*cos(8*x + 80000) + 7.15498829695752*cos(9*x + 90000) + 13.0233333333333*cos(10*x + 100000) - 2.53571015105025*cos(11*x + 110000) + 20.4976884164106*cos(12*x + 120000) - 1.68133093427947*cos(13*x + 130000) - 7.46467574020501*cos(14*x + 140000) - 6.38666666666667*cos(15*x + 150000) + 15.9484564227658*cos(16*x + 160000) + 1.08580464331988*cos(17*x + 170000) - 25.1145822516442*cos(18*x + 180000) + 6.64771527051275*cos(19*x + 190000) + 1.78333333333333*cos(20*x + 200000) - 13.2171473998821*cos(21*x + 210000) + 16.2680012036726*cos(22*x + 220000) - 6.63011585611295*cos(23*x + 230000) - 19.9676884164106*cos(24*x + 240000) - 7.58404982539199*cos(25*x + 250000) - 32.6231000918716*cos(26*x + 260000) + 5.37020631629001*cos(27*x + 270000) + 14.5051477217226*cos(28*x + 280000) + 25.7238462840803*cos(29*x + 290000) + 159.061666666667